package mypackage

// MyExportedType is an exported custom type.
type MyExportedType int

// MyInterface is an interface with a single method.
type MyInterface interface {
	MyMethod() error
}

// MyStruct is a struct with exported and unexported fields.
type MyStruct struct {
	ExportedField int // exported field.
}

// MyMethod is a method associated with MyStruct.
func (s MyStruct) MyMethod()

// MyFunction is an example function that takes two integers as input and
// returns a boolean result.
func MyFunction(a, b int) bool

// MyOtherFunction is an exported function that does not match
// [MyFunctionType].
func MyOtherFunction(s string, cb func(string) bool) bool

// NewMyStruct is an example constructor function for [MyStruct]
func NewMyStruct(n int) (*MyStruct, error)
